[
  {
    "key0": [
      [
        "C81E728D9D4C2F636F067F89CC14862C",
        "1CB251EC0D568DE6A929B520C4AED8D1"
      ],
      "1CB251EC0D568DE6A929B520C4AED8D1"
    ]
  },
  {
    "key1": "C81E728D9D4C2F636F067F89CC14862C"
  },
  {
    "key2": {
      "key3": "1CB251EC0D568DE6A929B520C4AED8D1"
    }
  },
  {
    "key4": [
      "C81E728D9D4C2F636F067F89CC14862C",
      "C81E728D9D4C2F636F067F89CC14862C",
      {
        "key5": "1CB251EC0D568DE6A929B520C4AED8D1"
      }
    ]
  }
]